动物主语视频 147 条（conf=0.05, classes=cat/dog, stride=5）
cat/dog 类别 id: [15, 16]
  0       126 抽样帧, 有宠物检出  88 帧, 共  121 框
  1       103 抽样帧, 有宠物检出  58 帧, 共   73 框
  18      189 抽样帧, 有宠物检出 131 帧, 共  228 框
  19     1033 抽样帧, 有宠物检出 786 帧, 共 1427 框
  20     1715 抽样帧, 有宠物检出 1410 帧, 共 2369 框
  82       95 抽样帧, 有宠物检出  70 帧, 共   88 框
  83      354 抽样帧, 有宠物检出 290 帧, 共  304 框
  84       89 抽样帧, 有宠物检出  38 帧, 共   57 框
  85      151 抽样帧, 有宠物检出 128 帧, 共  143 框
  86      168 抽样帧, 有宠物检出 146 帧, 共  192 框
  ... 10/147 (49s)
  87       24 抽样帧, 有宠物检出  13 帧, 共   16 框
  88       54 抽样帧, 有宠物检出  29 帧, 共   48 框
  89      193 抽样帧, 有宠物检出  77 帧, 共  141 框
  91      931 抽样帧, 有宠物检出 478 帧, 共  694 框
  92       33 抽样帧, 有宠物检出   0 帧, 共    0 框
  93       69 抽样帧, 有宠物检出   9 帧, 共   10 框
  94       73 抽样帧, 有宠物检出  39 帧, 共   48 框
  95       82 抽样帧, 有宠物检出  15 帧, 共   20 框
  98       49 抽样帧, 有宠物检出  18 帧, 共   21 框
  99       72 抽样帧, 有宠物检出  40 帧, 共   52 框
  ... 20/147 (58s)
  100     319 抽样帧, 有宠物检出 150 帧, 共  180 框
  101     108 抽样帧, 有宠物检出  56 帧, 共   81 框
  102      48 抽样帧, 有宠物检出  30 帧, 共   39 框
  103      58 抽样帧, 有宠物检出   9 帧, 共    9 框
  104      81 抽样帧, 有宠物检出  22 帧, 共   30 框
  105     115 抽样帧, 有宠物检出  32 帧, 共   43 框
  106      95 抽样帧, 有宠物检出  29 帧, 共   31 框
  107     442 抽样帧, 有宠物检出 142 帧, 共  178 框
  108      49 抽样帧, 有宠物检出  25 帧, 共   27 框
  109      69 抽样帧, 有宠物检出  41 帧, 共   54 框
  ... 30/147 (64s)
  110     104 抽样帧, 有宠物检出  33 帧, 共   37 框
  111     112 抽样帧, 有宠物检出  50 帧, 共   54 框
  112      75 抽样帧, 有宠物检出  33 帧, 共   38 框
  113     154 抽样帧, 有宠物检出 115 帧, 共  183 框
  114      73 抽样帧, 有宠物检出  33 帧, 共   43 框
  115      56 抽样帧, 有宠物检出  10 帧, 共   10 框
  116     155 抽样帧, 有宠物检出  51 帧, 共   74 框
  117      51 抽样帧, 有宠物检出  24 帧, 共   28 框
  118      58 抽样帧, 有宠物检出  18 帧, 共   25 框
  119      55 抽样帧, 有宠物检出  24 帧, 共   36 框
  ... 40/147 (67s)
  120     120 抽样帧, 有宠物检出  18 帧, 共   21 框
  121      89 抽样帧, 有宠物检出  21 帧, 共   25 框
  122     108 抽样帧, 有宠物检出  71 帧, 共  104 框
  123      49 抽样帧, 有宠物检出  24 帧, 共   36 框
  124      85 抽样帧, 有宠物检出  66 帧, 共  161 框
  125     109 抽样帧, 有宠物检出  83 帧, 共   92 框
  126      95 抽样帧, 有宠物检出  44 帧, 共  146 框
  127     146 抽样帧, 有宠物检出 112 帧, 共  245 框
  128      66 抽样帧, 有宠物检出   4 帧, 共    9 框
  129      81 抽样帧, 有宠物检出  11 帧, 共   16 框
  ... 50/147 (71s)
  130      53 抽样帧, 有宠物检出  10 帧, 共   19 框
  131      64 抽样帧, 有宠物检出  27 帧, 共   47 框
  132      87 抽样帧, 有宠物检出  62 帧, 共   64 框
  133      51 抽样帧, 有宠物检出  10 帧, 共   11 框
  134      70 抽样帧, 有宠物检出  13 帧, 共   14 框
  135      47 抽样帧, 有宠物检出  14 帧, 共   18 框
  136      85 抽样帧, 有宠物检出  55 帧, 共   78 框
  137      67 抽样帧, 有宠物检出  29 帧, 共   31 框
  139      79 抽样帧, 有宠物检出  61 帧, 共   69 框
  140     134 抽样帧, 有宠物检出  90 帧, 共  138 框
  ... 60/147 (74s)
  141     119 抽样帧, 有宠物检出   7 帧, 共    7 框
  142      90 抽样帧, 有宠物检出  14 帧, 共   25 框
  143      49 抽样帧, 有宠物检出  30 帧, 共   40 框
  144      55 抽样帧, 有宠物检出   6 帧, 共   15 框
  145      72 抽样帧, 有宠物检出  29 帧, 共   29 框
  146      47 抽样帧, 有宠物检出  24 帧, 共   28 框
  147      59 抽样帧, 有宠物检出  22 帧, 共   25 框
  148     263 抽样帧, 有宠物检出 213 帧, 共  249 框
  149     101 抽样帧, 有宠物检出  19 帧, 共   21 框
  151      57 抽样帧, 有宠物检出  28 帧, 共   40 框
  ... 70/147 (78s)
  152      81 抽样帧, 有宠物检出  24 帧, 共   31 框
  153      60 抽样帧, 有宠物检出  37 帧, 共   51 框
  154     118 抽样帧, 有宠物检出  80 帧, 共  128 框
  156      70 抽样帧, 有宠物检出  33 帧, 共   40 框
  157     239 抽样帧, 有宠物检出 174 帧, 共  341 框
  158     116 抽样帧, 有宠物检出  76 帧, 共  113 框
  159      86 抽样帧, 有宠物检出  56 帧, 共   73 框
  160      86 抽样帧, 有宠物检出  49 帧, 共   76 框
  161      70 抽样帧, 有宠物检出  44 帧, 共   65 框
  171      51 抽样帧, 有宠物检出   8 帧, 共   10 框
  ... 80/147 (82s)
  172      59 抽样帧, 有宠物检出  38 帧, 共   44 框
  173      78 抽样帧, 有宠物检出  60 帧, 共   64 框
  175      61 抽样帧, 有宠物检出  55 帧, 共  116 框
  177     110 抽样帧, 有宠物检出 110 帧, 共  252 框
  178      45 抽样帧, 有宠物检出  10 帧, 共   13 框
  179      39 抽样帧, 有宠物检出  38 帧, 共   70 框
  180      36 抽样帧, 有宠物检出  35 帧, 共   53 框
  183      75 抽样帧, 有宠物检出  39 帧, 共   51 框
  189      71 抽样帧, 有宠物检出  21 帧, 共   26 框
  191     107 抽样帧, 有宠物检出  36 帧, 共   57 框
  ... 90/147 (85s)
  193      65 抽样帧, 有宠物检出   0 帧, 共    0 框
  199     211 抽样帧, 有宠物检出 143 帧, 共  175 框
  201      55 抽样帧, 有宠物检出  53 帧, 共   73 框
  203      78 抽样帧, 有宠物检出  70 帧, 共  141 框
  204      66 抽样帧, 有宠物检出  58 帧, 共   73 框
  205     129 抽样帧, 有宠物检出 120 帧, 共  215 框
  206      76 抽样帧, 有宠物检出  50 帧, 共   70 框
  207      67 抽样帧, 有宠物检出  49 帧, 共   93 框
  208      86 抽样帧, 有宠物检出  70 帧, 共   79 框
  209      57 抽样帧, 有宠物检出  34 帧, 共   42 框
  ... 100/147 (90s)
  210     114 抽样帧, 有宠物检出  60 帧, 共  105 框
  211     178 抽样帧, 有宠物检出  71 帧, 共  109 框
  212      58 抽样帧, 有宠物检出  26 帧, 共   27 框
  213      65 抽样帧, 有宠物检出  46 帧, 共   78 框
  214      70 抽样帧, 有宠物检出  19 帧, 共   20 框
  215     142 抽样帧, 有宠物检出 142 帧, 共  420 框
  217      60 抽样帧, 有宠物检出  52 帧, 共   60 框
  218      74 抽样帧, 有宠物检出  39 帧, 共   41 框
  219      71 抽样帧, 有宠物检出  17 帧, 共   27 框
  220      79 抽样帧, 有宠物检出  79 帧, 共  254 框
  ... 110/147 (95s)
  221      78 抽样帧, 有宠物检出  65 帧, 共   98 框
  222     152 抽样帧, 有宠物检出  78 帧, 共  109 框
  223     101 抽样帧, 有宠物检出  54 帧, 共  101 框
  224     111 抽样帧, 有宠物检出  86 帧, 共  113 框
  227     118 抽样帧, 有宠物检出  41 帧, 共   53 框
  228     121 抽样帧, 有宠物检出  60 帧, 共   74 框
  229      59 抽样帧, 有宠物检出  59 帧, 共   60 框
  230      64 抽样帧, 有宠物检出  60 帧, 共  136 框
  231     127 抽样帧, 有宠物检出 124 帧, 共  138 框
  232      96 抽样帧, 有宠物检出  95 帧, 共  108 框
  ... 120/147 (99s)
  233      84 抽样帧, 有宠物检出  63 帧, 共   83 框
  234     105 抽样帧, 有宠物检出  69 帧, 共   72 框
  235     185 抽样帧, 有宠物检出 177 帧, 共  479 框
  236     112 抽样帧, 有宠物检出  65 帧, 共   86 框
  237     145 抽样帧, 有宠物检出 142 帧, 共  468 框
  238      89 抽样帧, 有宠物检出  52 帧, 共   77 框
  239      88 抽样帧, 有宠物检出  58 帧, 共  115 框
  240      98 抽样帧, 有宠物检出  90 帧, 共  151 框
  241      88 抽样帧, 有宠物检出  88 帧, 共  115 框
  243     176 抽样帧, 有宠物检出 167 帧, 共  393 框
  ... 130/147 (106s)
  244      79 抽样帧, 有宠物检出  79 帧, 共  104 框
  245     145 抽样帧, 有宠物检出 145 帧, 共  641 框
  246      61 抽样帧, 有宠物检出  57 帧, 共   64 框
  247      98 抽样帧, 有宠物检出   4 帧, 共    4 框
  248     142 抽样帧, 有宠物检出  89 帧, 共  100 框
  249     122 抽样帧, 有宠物检出 101 帧, 共  133 框
  250      62 抽样帧, 有宠物检出  29 帧, 共   36 框
  251      95 抽样帧, 有宠物检出  76 帧, 共   98 框
  252      63 抽样帧, 有宠物检出  16 帧, 共   23 框
  253      68 抽样帧, 有宠物检出  31 帧, 共   56 框
  ... 140/147 (111s)
  254      99 抽样帧, 有宠物检出  44 帧, 共   56 框
  255      74 抽样帧, 有宠物检出  19 帧, 共   21 框
  256      71 抽样帧, 有宠物检出  58 帧, 共   65 框
  357     197 抽样帧, 有宠物检出 170 帧, 共  323 框
  358      81 抽样帧, 有宠物检出  74 帧, 共  151 框
  359     117 抽样帧, 有宠物检出  49 帧, 共   57 框
  360      60 抽样帧, 有宠物检出  57 帧, 共  102 框
  ... 147/147 (115s)

wrote fu_pet_cache.json  (147 视频, 2 条零检出, 1.6 MB)
