Skipping import of cpp extensions due to incompatible torch version. Please upgrade to torch >= 2.11.0 (found 2.8.0+cu128).
Loading weights:   0%|          | 0/314 [00:00<?, ?it/s]Loading weights: 100%|██████████| 314/314 [00:00<00:00, 13330.21it/s]
[transformers] You seem to be using the pipelines sequentially on GPU. In order to maximize efficiency please use a dataset
  [ 1/57] qvh_000020_9x16        11 frames  219 masks  (53.4s cum)
  [ 2/57] qvh_000032_9x16         4 frames  172 masks  (67.6s cum)
  [ 3/57] qvh_000070_9x16         4 frames  127 masks  (83.0s cum)
  [ 4/57] qvh_000095_9x16         7 frames  260 masks  (108.5s cum)
  [ 5/57] qvh_000096_9x16         7 frames  432 masks  (133.8s cum)
  [ 6/57] qvh_000106_9x16        11 frames  463 masks  (173.9s cum)
  [ 7/57] qvh_000121_9x16         4 frames  129 masks  (188.5s cum)
  [ 8/57] qvh_000124_9x16        11 frames  475 masks  (228.2s cum)
  [ 9/57] qvh_000140_9x16        11 frames  844 masks  (269.2s cum)
  [10/57] qvh_000143_9x16        21 frames  942 masks  (345.4s cum)
  [11/57] qvh_000161_9x16         4 frames  176 masks  (360.0s cum)
  [12/57] qvh_000172_9x16         4 frames  127 masks  (374.5s cum)
  [13/57] qvh_000175_9x16         6 frames  266 masks  (396.7s cum)
  [14/57] qvh_000197_9x16        12 frames  484 masks  (440.6s cum)
  [15/57] qvh_000214_9x16         6 frames  400 masks  (462.7s cum)
  [16/57] qvh_000219_9x16         9 frames  277 masks  (496.6s cum)
  [17/57] qvh_000258_9x16        20 frames  612 masks  (570.4s cum)
  [18/57] qvh_000262_9x16         4 frames  106 masks  (585.5s cum)
  [19/57] qvh_000288_9x16         5 frames  326 masks  (603.7s cum)
  [20/57] qvh_000303_9x16        12 frames  491 masks  (648.1s cum)
  [21/57] qvh_000316_9x16         7 frames  306 masks  (673.5s cum)
  [22/57] qvh_000319_9x16        10 frames  461 masks  (710.2s cum)
  [23/57] qvh_000331_9x16         6 frames  131 masks  (732.7s cum)
  [24/57] qvh_000343_9x16         7 frames  382 masks  (758.4s cum)
  [25/57] qvh_000364_9x16         4 frames  139 masks  (773.3s cum)
  [26/57] qvh_000382_9x16         8 frames  257 masks  (803.4s cum)
  [27/57] qvh_000420_9x16        20 frames  585 masks  (879.9s cum)
  [28/57] qvh_000426_9x16         7 frames  236 masks  (905.7s cum)
  [29/57] qvh_000435_9x16         7 frames  196 masks  (931.7s cum)
  [30/57] qvh_000460_9x16        24 frames  527 masks  (1018.8s cum)
  [31/57] qvh_000468_9x16         6 frames  254 masks  (1041.3s cum)
  [32/57] qvh_000518_9x16        12 frames  662 masks  (1086.0s cum)
  [33/57] qvh_000541_9x16         5 frames  148 masks  (1104.1s cum)
  [34/57] qvh_000547_9x16         6 frames  282 masks  (1126.5s cum)
  [35/57] qvh_000548_9x16         7 frames  444 masks  (1152.1s cum)
  [36/57] qvh_000583_9x16         5 frames  274 masks  (1170.4s cum)
  [37/57] qvh_000586_9x16        13 frames  719 masks  (1218.1s cum)
  [38/57] qvh_000598_9x16         5 frames  559 masks  (1236.5s cum)
  [39/57] qvh_000600_9x16        19 frames  735 masks  (1306.6s cum)
  [40/57] qvh_000641_9x16         9 frames  521 masks  (1339.8s cum)
  [41/57] qvh_000649_9x16         8 frames  313 masks  (1368.8s cum)
  [42/57] qvh_000693_9x16        13 frames  377 masks  (1414.6s cum)
  [43/57] qvh_000720_9x16        11 frames  341 masks  (1454.9s cum)
  [44/57] qvh_000764_9x16         7 frames  229 masks  (1480.7s cum)
  [45/57] qvh_000775_9x16         5 frames   99 masks  (1499.2s cum)
  [46/57] qvh_000780_9x16         6 frames  490 masks  (1521.2s cum)
  [47/57] qvh_000801_9x16         5 frames   14 masks  (1540.4s cum)
  [48/57] qvh_000812_9x16        11 frames  427 masks  (1581.1s cum)
  [49/57] qvh_000830_9x16        15 frames  458 masks  (1635.3s cum)
  [50/57] qvh_000865_9x16         7 frames  425 masks  (1661.2s cum)
  [51/57] qvh_000872_9x16         7 frames  251 masks  (1686.6s cum)
  [52/57] qvh_000881_9x16        13 frames  328 masks  (1734.4s cum)
  [53/57] qvh_000886_9x16         4 frames  158 masks  (1749.2s cum)
  [54/57] qvh_000906_9x16         6 frames  298 masks  (1771.6s cum)
  [55/57] qvh_000916_9x16         4 frames  219 masks  (1786.3s cum)
  [56/57] qvh_000966_9x16        21 frames  929 masks  (1862.4s cum)
  [57/57] qvh_000981_9x16        11 frames  456 masks  (1903.8s cum)
wrote /mnt/data/Downloads/TempSamp-R1-main/baseline/sam_val_masks.json (57 videos)
